C:\HiB\fhir\workspace\stoic\src\main\java\icore\entity\DiastolicPressure.java
C:\HiB\fhir\workspace\stoic\src\main\java\icore\entity\BodyWeight.java
C:\HiB\fhir\workspace\stoic\src\main\java\icore\entity\BodyTemperature.java
C:\HiB\fhir\workspace\stoic\src\main\java\icore\entity\ElectrodermalActivity.java
C:\HiB\fhir\workspace\stoic\src\main\java\icore\entity\HeartRateVariability.java
C:\HiB\fhir\workspace\stoic\src\main\java\icore\Application.java
C:\HiB\fhir\workspace\stoic\src\main\java\icore\entity\PulseRate.java
C:\HiB\fhir\workspace\stoic\src\main\java\hello\GreetingController.java
C:\HiB\fhir\workspace\stoic\src\main\java\icore\entity\InformatCoreObservation.java
C:\HiB\fhir\workspace\stoic\src\main\java\hello\Greeting.java
C:\HiB\fhir\workspace\stoic\src\main\java\icore\entity\SystolicPressure.java
C:\HiB\fhir\workspace\stoic\src\main\java\icore\InformatCoreObservedProperty.java
C:\HiB\fhir\workspace\stoic\src\main\java\icore\InformatCoreController.java
C:\HiB\fhir\workspace\stoic\src\main\java\icore\entity\MeanPressure.java
